Cloning into '/home/lewis/.v8forced/depot_tools'...
________ running 'python3 third_party/depot_tools/update_depot_tools_toggle.py --disable' in '/home/lewis/.v8forced/v8'
________ running 'python3 build/landmines.py --landmine-scripts tools/get_landmines.py' in '/home/lewis/.v8forced/v8'
________ running 'python3 third_party/depot_tools/download_from_google_storage.py --no_resume -u --bucket v8-wasm-spec-tests -s test/wasm-spec-tests/tests.tar.gz.sha1' in '/home/lewis/.v8forced/v8'
0> Downloading test/wasm-spec-tests/tests.tar.gz@bd7805d59032f25f7a3d7069b189f9e2d87e4f01...
0> Extracting 572 entries from test/wasm-spec-tests/tests.tar.gz to test/wasm-spec-tests/tests
Downloading 1 files took 8.934842 second(s)
________ running 'python3 third_party/depot_tools/download_from_google_storage.py --no_resume -u --bucket v8-wasm-spec-tests -s test/wasm-js/tests.tar.gz.sha1' in '/home/lewis/.v8forced/v8'
0> Downloading test/wasm-js/tests.tar.gz@fa1dbb5717f58043b2d3c01c4c331b206adedac8...
0> Extracting 240 entries from test/wasm-js/tests.tar.gz to test/wasm-js/tests
Downloading 1 files took 3.831275 second(s)
________ running 'python3 build/util/lastchange.py -o build/util/LASTCHANGE' in '/home/lewis/.v8forced/v8'
________ running 'vpython3 -vpython-spec .vpython3 -vpython-tool install' in '/home/lewis/.v8forced/v8'
Hook 'vpython3 -vpython-spec .vpython3 -vpython-tool install' took 11.79 secs
________ running 'python3 buildtools/reclient_cfgs/configure_reclient_cfgs.py --rbe_instance projects/rbe-chrome-untrusted/instances/default_instance --reproxy_cfg_template reproxy.cfg.template --rewrapper_cfg_project  --skip_remoteexec_cfg_fetch' in '/home/lewis/.v8forced/v8'
generate reproxy.cfg using /home/lewis/.v8forced/v8/buildtools/reclient_cfgs/reproxy_cfg_templates/reproxy.cfg.template
________ running 'python3 build/config/siso/configure_siso.py --rbe_instance projects/rbe-chrome-untrusted/instances/default_instance' in '/home/lewis/.v8forced/v8'


Warnings:
git update is recommended.
Installed git version is 2.43.0;
depot_tools recommends version 2.46.0 or later.
Disable this warning by setting the GCLIENT_SUPPRESS_GIT_VERSION_WARNING
environment variable to 1.
[build-wsl] git apply /mnt/d/APIClient/engine/patches/0001-forced-branch.patch
ERROR at //BUILD.gn:673:1: Assertion failed.
assert(
^-----
Sparkplug, Maglev, Turbofan and Wasm are not available in jitless mode. But, if the Wasm interpreter mode is on, Wasm can work in jitless mode
See //BUILD.gn:674:5: 
    !v8_jitless || (!v8_enable_sparkplug && !v8_enable_maglev &&
    ^-----------------------------------------------------------
This is where it was set.
