[build] emcc 6 sources -> engine/host/out/qjs.mjs
cache:INFO: generating system library: sysroot\lib\wasm32-emscripten\libGL-getprocaddr.a... (this will be cached in "D:\APIClient\engine\.work\emsdk\upstream\emscripten\cache\sysroot\lib\wasm32-emscripten\libGL-getprocaddr.a" for subsequent builds)
system_libs:INFO: compiled 4 inputs in 0.64s
cache:INFO:  - ok
cache:INFO: generating system library: sysroot\lib\wasm32-emscripten\libal.a... (this will be cached in "D:\APIClient\engine\.work\emsdk\upstream\emscripten\cache\sysroot\lib\wasm32-emscripten\libal.a" for subsequent builds)
system_libs:INFO: compiled 1 inputs in 0.33s
cache:INFO:  - ok
cache:INFO: generating system library: sysroot\lib\wasm32-emscripten\libhtml5.a... (this will be cached in "D:\APIClient\engine\.work\emsdk\upstream\emscripten\cache\sysroot\lib\wasm32-emscripten\libhtml5.a" for subsequent builds)
system_libs:INFO: compiled 5 inputs in 0.53s
cache:INFO:  - ok
cache:INFO: generating system library: sysroot\lib\wasm32-emscripten\libstubs.a... (this will be cached in "D:\APIClient\engine\.work\emsdk\upstream\emscripten\cache\sysroot\lib\wasm32-emscripten\libstubs.a" for subsequent builds)
system_libs:INFO: compiled 2 inputs in 0.40s
cache:INFO:  - ok
cache:INFO: generating system library: sysroot\lib\wasm32-emscripten\libnoexit.a... (this will be cached in "D:\APIClient\engine\.work\emsdk\upstream\emscripten\cache\sysroot\lib\wasm32-emscripten\libnoexit.a" for subsequent builds)
system_libs:INFO: compiled 1 inputs in 0.35s
cache:INFO:  - ok
cache:INFO: generating system library: sysroot\lib\wasm32-emscripten\libc.a... (this will be cached in "D:\APIClient\engine\.work\emsdk\upstream\emscripten\cache\sysroot\lib\wasm32-emscripten\libc.a" for subsequent builds)
system_libs:INFO: compiled 1066 inputs in 14.21s
cache:INFO:  - ok
cache:INFO: generating system library: sysroot\lib\wasm32-emscripten\libdlmalloc.a... (this will be cached in "D:\APIClient\engine\.work\emsdk\upstream\emscripten\cache\sysroot\lib\wasm32-emscripten\libdlmalloc.a" for subsequent builds)
system_libs:INFO: compiled 2 inputs in 0.76s
cache:INFO:  - ok
cache:INFO: generating system library: sysroot\lib\wasm32-emscripten\libcompiler_rt.a... (this will be cached in "D:\APIClient\engine\.work\emsdk\upstream\emscripten\cache\sysroot\lib\wasm32-emscripten\libcompiler_rt.a" for subsequent builds)
system_libs:INFO: compiled 184 inputs in 5.02s
cache:INFO:  - ok
cache:INFO: generating system library: sysroot\lib\wasm32-emscripten\libc++-noexcept.a... (this will be cached in "D:\APIClient\engine\.work\emsdk\upstream\emscripten\cache\sysroot\lib\wasm32-emscripten\libc++-noexcept.a" for subsequent builds)
system_libs:INFO: compiled 57 inputs in 14.40s
cache:INFO:  - ok
cache:INFO: generating system library: sysroot\lib\wasm32-emscripten\libc++abi-noexcept.a... (this will be cached in "D:\APIClient\engine\.work\emsdk\upstream\emscripten\cache\sysroot\lib\wasm32-emscripten\libc++abi-noexcept.a" for subsequent builds)
system_libs:INFO: compiled 17 inputs in 3.26s
cache:INFO:  - ok
cache:INFO: generating system library: sysroot\lib\wasm32-emscripten\libsockets.a... (this will be cached in "D:\APIClient\engine\.work\emsdk\upstream\emscripten\cache\sysroot\lib\wasm32-emscripten\libsockets.a" for subsequent builds)
system_libs:INFO: compiled 27 inputs in 1.94s
cache:INFO:  - ok
[build] OK -> D:\APIClient\engine\host\out\qjs.mjs
(node:35396) [DEP0190] DeprecationWarning: Passing args to a child process with shell option true can lead to security vulnerabilities, as the arguments are not escaped, only concatenated.
(Use `node --trace-deprecation ...` to show where the warning was created)
