[build] emcc 6 sources -> engine/host/out/qjs.mjs
D:\APIClient\engine\host\main.c:315:53: error: unknown type name 'cancel'
  315 |    get explored). Return an opaque timer id; clear*/cancel* are no-ops (the WFQ starves it anyway). */
      |                                                     ^
D:\APIClient\engine\host\main.c:315:64: error: expected ';' after top level declarator
  315 |    get explored). Return an opaque timer id; clear*/cancel* are no-ops (the WFQ starves it anyway). */
      |                                                                ^
      |                                                                ;
D:\APIClient\engine\host\main.c:1039:70: error: use of undeclared identifier 'js_set_timer'
 1039 |         JS_SetPropertyStr(ctx, g, "setTimeout", JS_NewCFunction(ctx, js_set_timer, "setTimeout", 2));
      |                                                                      ^~~~~~~~~~~~
D:\APIClient\engine\host\main.c:1040:71: error: use of undeclared identifier 'js_set_timer'
 1040 |         JS_SetPropertyStr(ctx, g, "setInterval", JS_NewCFunction(ctx, js_set_timer, "setInterval", 2));
      |                                                                       ^~~~~~~~~~~~
D:\APIClient\engine\host\main.c:1041:81: error: use of undeclared identifier 'js_set_timer'
 1041 |         JS_SetPropertyStr(ctx, g, "requestAnimationFrame", JS_NewCFunction(ctx, js_set_timer, "requestAnimationFrame", 1));
      |                                                                                 ^~~~~~~~~~~~
D:\APIClient\engine\host\main.c:1042:79: error: use of undeclared identifier 'js_set_timer'
 1042 |         JS_SetPropertyStr(ctx, g, "requestIdleCallback", JS_NewCFunction(ctx, js_set_timer, "requestIdleCallback", 1));
      |                                                                               ^~~~~~~~~~~~
6 errors generated.
emcc: error: ''D:/APIClient/engine/.work/emsdk/upstream/bin\clang.exe' -target wasm32-unknown-emscripten -fignore-exceptions -mllvm -combiner-global-alias-analysis=false -mllvm -enable-emscripten-sjlj -mllvm -disable-lsr '--sysroot=D:\APIClient\engine\.work\emsdk\upstream\emscripten\cache\sysroot' -Xclang '-iwithsysroot/include\fakesdl' -Xclang '-iwithsysroot/include\compat' '-ID:\APIClient\engine\qjs' '-ID:\APIClient\engine\lexbor\source' -O1 -w -D_GNU_SOURCE -c 'D:\APIClient\engine\host\main.c' -o 'C:\Users\lewis\AppData\Local\Temp\emscripten_temp_1joitpew\main.o'' failed (returned 1)
[build] FAILED rc=1
