[build] emcc 6 sources -> engine/host/out/qjs.mjs
D:\APIClient\engine\host\main.c:338:42: error: use of undeclared identifier 'g_origin'
  338 |     if (!p) { snprintf(out, outsz, "%s", g_origin); return; }
      |                                          ^~~~~~~~
D:\APIClient\engine\host\main.c:351:51: error: use of undeclared identifier 'g_origin'; did you mean 'origin'?
  351 |     char origin[600]; url_origin_of(base ? base : g_origin, origin, sizeof origin);
      |                                                   ^~~~~~~~
      |                                                   origin
D:\APIClient\engine\host\main.c:351:10: note: 'origin' declared here
  351 |     char origin[600]; url_origin_of(base ? base : g_origin, origin, sizeof origin);
      |          ^
D:\APIClient\engine\host\main.c:366:38: error: use of undeclared identifier 'g_origin'
  366 |     url_resolve(input, base ? base : g_origin, resolved, sizeof resolved);
      |                                      ^~~~~~~~
D:\APIClient\engine\host\main.c:390:65: error: use of undeclared identifier 'js_opaque'; did you mean 'g_opaque'?
  390 |     JS_SetPropertyStr(ctx, sp, "toString", JS_NewCFunction(ctx, js_opaque, "toString", 0));
      |                                                                 ^~~~~~~~~
      |                                                                 g_opaque
D:\APIClient\engine\host\main.c:69:16: note: 'g_opaque' declared here
   69 | static JSValue g_opaque = JS_UNDEFINED;   /* the OPAQUE sentinel: external input the tool must not concretely decide */
      |                ^
D:\APIClient\engine\host\main.c:390:65: error: incompatible integer to pointer conversion passing 'JSValue' (aka 'unsigned long long') to parameter of type 'JSCFunction *' (aka 'unsigned long long (*)(struct JSContext *, unsigned long long, int, unsigned long long *)') [-Wint-conversion]
  390 |     JS_SetPropertyStr(ctx, sp, "toString", JS_NewCFunction(ctx, js_opaque, "toString", 0));
      |                                                                 ^~~~~~~~~
D:\APIClient\engine\qjs\quickjs.h:1358:68: note: passing argument to parameter 'func' here
 1358 | static inline JSValue JS_NewCFunction(JSContext *ctx, JSCFunction *func,
      |                                                                    ^
D:\APIClient\engine\host\main.c:402:62: error: use of undeclared identifier 'js_noop'
  402 |     JS_SetPropertyStr(ctx, o, "append", JS_NewCFunction(ctx, js_noop, "append", 2));
      |                                                              ^~~~~~~
D:\APIClient\engine\host\main.c:403:59: error: use of undeclared identifier 'js_noop'
  403 |     JS_SetPropertyStr(ctx, o, "set", JS_NewCFunction(ctx, js_noop, "set", 2));
      |                                                           ^~~~~~~
D:\APIClient\engine\host\main.c:404:64: error: use of undeclared identifier 'js_opaque'; did you mean 'g_opaque'?
  404 |     JS_SetPropertyStr(ctx, o, "toString", JS_NewCFunction(ctx, js_opaque, "toString", 0));
      |                                                                ^~~~~~~~~
      |                                                                g_opaque
D:\APIClient\engine\host\main.c:69:16: note: 'g_opaque' declared here
   69 | static JSValue g_opaque = JS_UNDEFINED;   /* the OPAQUE sentinel: external input the tool must not concretely decide */
      |                ^
D:\APIClient\engine\host\main.c:404:64: error: incompatible integer to pointer conversion passing 'JSValue' (aka 'unsigned long long') to parameter of type 'JSCFunction *' (aka 'unsigned long long (*)(struct JSContext *, unsigned long long, int, unsigned long long *)') [-Wint-conversion]
  404 |     JS_SetPropertyStr(ctx, o, "toString", JS_NewCFunction(ctx, js_opaque, "toString", 0));
      |                                                                ^~~~~~~~~
D:\APIClient\engine\qjs\quickjs.h:1358:68: note: passing argument to parameter 'func' here
 1358 | static inline JSValue JS_NewCFunction(JSContext *ctx, JSCFunction *func,
      |                                                                    ^
9 errors generated.
emcc: error: ''D:/APIClient/engine/.work/emsdk/upstream/bin\clang.exe' -target wasm32-unknown-emscripten -fignore-exceptions -mllvm -combiner-global-alias-analysis=false -mllvm -enable-emscripten-sjlj -mllvm -disable-lsr '--sysroot=D:\APIClient\engine\.work\emsdk\upstream\emscripten\cache\sysroot' -Xclang '-iwithsysroot/include\fakesdl' -Xclang '-iwithsysroot/include\compat' '-ID:\APIClient\engine\qjs' '-ID:\APIClient\engine\lexbor\source' -O1 -w -D_GNU_SOURCE -c 'D:\APIClient\engine\host\main.c' -o 'C:\Users\lewis\AppData\Local\Temp\emscripten_temp_xdv3r5k_\main.o'' failed (returned 1)
[build] FAILED rc=1
