[build] emcc 6 sources -> engine/host/out/qjs.mjs
D:\APIClient\engine\host\main.c:1486:31: error: incompatible function pointer types passing 'JSValue (JSContext *, JSValue)' (aka 'unsigned long long (struct JSContext *, unsigned long long)') to parameter of type 'JSCFunction *' (aka 'unsigned long long (*)(struct JSContext *, unsigned long long, int, unsigned long long *)') [-Wincompatible-function-pointer-types]
 1486 |         JS_NewCFunction2(ctx, js_location_href_get, "get href", 0, JS_CFUNC_getter, 0),
      |                               ^~~~~~~~~~~~~~~~~~~~
D:\APIClient\engine\qjs\quickjs.h:1369:65: note: passing argument to parameter 'func' here
 1369 | JS_EXTERN JSValue JS_NewCFunction2(JSContext *ctx, JSCFunction *func,
      |                                                                 ^
D:\APIClient\engine\host\main.c:1487:31: error: incompatible function pointer types passing 'JSValue (JSContext *, JSValue, JSValue)' (aka 'unsigned long long (struct JSContext *, unsigned long long, unsigned long long)') to parameter of type 'JSCFunction *' (aka 'unsigned long long (*)(struct JSContext *, unsigned long long, int, unsigned long long *)') [-Wincompatible-function-pointer-types]
 1487 |         JS_NewCFunction2(ctx, js_location_href_set, "set href", 1, JS_CFUNC_setter, 0), JS_PROP_CONFIGURABLE);
      |                               ^~~~~~~~~~~~~~~~~~~~
D:\APIClient\engine\qjs\quickjs.h:1369:65: note: passing argument to parameter 'func' here
 1369 | JS_EXTERN JSValue JS_NewCFunction2(JSContext *ctx, JSCFunction *func,
      |                                                                 ^
D:\APIClient\engine\host\main.c:1492:66: error: incompatible function pointer types passing 'JSValue (JSContext *, JSValue)' (aka 'unsigned long long (struct JSContext *, unsigned long long)') to parameter of type 'JSCFunction *' (aka 'unsigned long long (*)(struct JSContext *, unsigned long long, int, unsigned long long *)') [-Wincompatible-function-pointer-types]
 1492 |     JS_SetPropertyStr(ctx, loc, "toString", JS_NewCFunction(ctx, js_location_href_get, "toString", 0));
      |                                                                  ^~~~~~~~~~~~~~~~~~~~
D:\APIClient\engine\qjs\quickjs.h:1389:68: note: passing argument to parameter 'func' here
 1389 | static inline JSValue JS_NewCFunction(JSContext *ctx, JSCFunction *func,
      |                                                                    ^
3 errors generated.
emcc: error: ''D:/APIClient/engine/.work/emsdk/upstream/bin\clang.exe' -target wasm32-unknown-emscripten -fignore-exceptions -mllvm -combiner-global-alias-analysis=false -mllvm -enable-emscripten-sjlj -mllvm -disable-lsr '--sysroot=D:\APIClient\engine\.work\emsdk\upstream\emscripten\cache\sysroot' -Xclang '-iwithsysroot/include\fakesdl' -Xclang '-iwithsysroot/include\compat' '-ID:\APIClient\engine\qjs' '-ID:\APIClient\engine\lexbor\source' -O1 -w -D_GNU_SOURCE -c 'D:\APIClient\engine\host\main.c' -o 'C:\Users\lewis\AppData\Local\Temp\emscripten_temp_haqdocvr\main.o'' failed (returned 1)
[build] FAILED rc=1
